✔ deal contains 52 unique cards and classic column sizes (1.568542ms)
✔ legal alternating sequence moves immutably and undo restores (0.418917ms)
✔ capacity excludes empty destination and includes other empty columns (0.09075ms)
✔ foundations enforce suit and A through K; any card can occupy empty column (0.085333ms)
✔ restore clones durable state and rejects corrupt cards/history (1.188416ms)
✔ win requires all four complete foundations (0.140625ms)
✔ rejects broken sequences, occupied cells and self moves without mutation (0.116792ms)
✔ capacity counts free cells and destination must fit lowest selected card (0.058416ms)
✔ hint highlights only movable source suffix and receiving top or empty slot (0.269083ms)
✔ water sort pours the complete top run up to bottle capacity (1.690625ms)
✔ endless water sort levels preserve colors and include a valid solution (1123.04175ms)
✔ water sort difficulty increases and then caps without capping level numbers (0.154458ms)
✔ zuma path lookup and continuous chain generation remain valid (0.603625ms)
✔ zuma speed rises with progress and remains capped (0.096458ms)
✔ crosses count each gem once and retain two runs (1.471209ms)
✔ seeded boards have no matches and a legal move (32.712791ms)
✔ invalid swap is rejected without changing state or losing a move; valid swap consumes one (1.043958ms)
✔ gravity preserves survivors in column order and refills vacancies (0.137ms)
✔ four and five runs receive bonuses and cascades resolve to stable board (2.4935ms)
✔ target takes priority on the final move and difficulty increases (0.111375ms)
✔ swaps are immutable (0.179041ms)
✔ adjacent nonmatching swap returns the exact unspent stable state (0.134958ms)
✔ deadlocked board is regenerated and pathological RNG remains bounded (0.890792ms)
✔ falling bubbles travel the same distance at 10 and 60 FPS (13.722834ms)
✔ falling bubbles travel the same distance at 15 and 60 FPS (6.771ms)
✔ falling bubbles travel the same distance at 30 and 60 FPS (5.893958ms)
✔ falling bubbles travel the same distance at 120 and 60 FPS (7.43775ms)
✔ pause freezes falling bubbles and pop effects (3.790125ms)
✔ restart cancels the previous animation loop (2.716167ms)
✔ resume after a long callback gap does not fast-forward a shot (2.7815ms)
✔ canvas density follows contained table size and caps CPU pixel budget (0.685875ms)
✔ restore validates finite physical state and independent copy (0.869625ms)
✔ minimum plunger charge reliably exits lane (2.93525ms)
✔ fixed timestep is stable at 10 and 120 FPS (2.519083ms)
✔ bumper collision rebounds and scores once (0.104542ms)
✔ fast ball cannot tunnel through rail (0.084417ms)
✔ raised flipper sends descending ball upwards (0.151667ms)
✔ three drains finish exactly once with no negative lives (0.150417ms)
✔ target contact awards target score and pause-sized gaps stay bounded (0.189125ms)
✔ returning into plunger lane serves again without losing a ball (0.112709ms)
✔ unpowered central ball passes between resting flippers and drains (1.161084ms)
✔ natural launches without flipper input eventually drain at every charge (9.673291ms)
✔ settlement cannot be resurrected by controller save and destroy (10.683958ms)
✔ destroyed active controller no longer writes saved state (0.44375ms)
✔ new game snapshots are recognized by the real runtime resume gate (2.974792ms)
✔ finished pinball and exhausted match-three are not offered as progress (0.3935ms)
✔ confirmed freecell restart discards controller snapshot before rendering (1.514667ms)
✔ confirmed pinball restart discards controller snapshot before rendering (0.54925ms)
✔ confirmed match3 restart discards controller snapshot before rendering (0.68525ms)
ℹ tests 49
ℹ suites 0
ℹ pass 49
ℹ fail 0
ℹ cancelled 0
ℹ skipped 0
ℹ todo 0
ℹ duration_ms 1223.010833
